// Jest Snapshot v1, https://goo.gl/fbAQLP

exports[`<Main /> should render the heading 1`] = `
<main
  class="styles__Wrapper-sc-geyue4-0 iUIBAR"
>
  <img
    alt="Imagem de um átomo e React Avançado escrito ao lado."
    class="styles__Logo-sc-geyue4-1 penYy"
    src="/img/logo.svg"
  />
  <h1
    class="styles__Title-sc-geyue4-2 eTDrlY"
  >
    React Avançado
  </h1>
  <h2
    class="styles__Description-sc-geyue4-3 jjDLRM"
  >
    Typescript, ReactJS, NextJS e Styled Components
  </h2>
  <img
    alt="Um desenvolvedor de frente para uma tela com código."
    class="styles__Illustration-sc-geyue4-4 cwGBZm"
    src="/img/hero-illustration.svg"
  />
</main>
`
